// Jest Snapshot v1, https://goo.gl/fbAQLP

exports[`HeroHeader renders correctly 1`] = `
<header
  class="hero-head"
/>
`;
