// Jest Snapshot v1, https://goo.gl/fbAQLP

exports[`HeroBody renders correctly 1`] = `
<div
  class="hero-body"
/>
`;
