// Jest Snapshot v1, https://goo.gl/fbAQLP

exports[`Select renders correctly 1`] = `
<body>
  <div>
    <div
      class="file"
    >
      <label
        class="file-label"
      >
        <input
          class="file-input"
          type="file"
        />
        <span
          class="file-cta"
        >
          <span
            class="file-icon"
          >
            <i
              class="fas fa-upload"
            />
          </span>
          <span
            class="file-label"
          >
            Choose a fileâ€¦
          </span>
        </span>
      </label>
    </div>
  </div>
</body>
`;
