// Jest Snapshot v1, https://goo.gl/fbAQLP

exports[`Container renders correctly 1`] = `
<main
  class="container"
/>
`;
