// Jest Snapshot v1, https://goo.gl/fbAQLP

exports[`breadcrumb renders correctly 1`] = `
<body>
  <div>
    <table
      class="table"
    />
  </div>
</body>
`;
