// Jest Snapshot v1, https://goo.gl/fbAQLP

exports[`dropdown renders correctly 1`] = `
<body>
  <div>
    <div
      class="dropdown"
    />
  </div>
</body>
`;
